[www.studioskeie.no/index.html]
[backblue.gif]
[fade.gif]
[index.html]
[www.studioskeie.no/favicon.png]
[www.studioskeie.no/index.html]
[www.studioskeie.no/logodesign-og-identitetsdesign/index.html]
[www.studioskeie.no/GET.html]
[www.studioskeie.no/grafisk-design/index.html]
[www.studioskeie.no/markedsmateriell-og-reklamekampanje/index.html]
[www.studioskeie.no/web-design/index.html]
[www.studioskeie.no/brosjyre-design-kataloger-og-arsrapporter/index.html]
[www.studioskeie.no/grafisk-design/GET.2.delayed]
[www.studioskeie.no/reklamefotograf-og-illustrator/index.html]
[www.studioskeie.no/grafisk-design/index.html]
[www.studioskeie.no/aktuelt/index.html]
[www.studioskeie.no/reklametekst/index.html]
[www.studioskeie.no/trykksaker-og-fargestyring/index.html]
[www.studioskeie.no/logodesign-og-identitetsdesign/GET.3.delayed]
[www.studioskeie.no/logodesign-og-identitetsdesign/index.html]
[www.studioskeie.no/kontakt-oss/index.html]
[www.studioskeie.no/markedsmateriell-og-reklamekampanje/GET.4.delayed]
[www.studioskeie.no/markedsmateriell-og-reklamekampanje/index.html]
[www.studioskeie.no/brosjyre-design-kataloger-og-arsrapporter/GET.5.delayed]
[www.studioskeie.no/brosjyre-design-kataloger-og-arsrapporter/index.html]
[www.studioskeie.no/web-design/GET.6.delayed]
[www.studioskeie.no/web-design/index.html]
[www.studioskeie.no/reklamefotograf-og-illustrator/GET.7.delayed]
[www.studioskeie.no/reklamefotograf-og-illustrator/index.html]
[www.studioskeie.no/trykksaker-og-fargestyring/GET.8.delayed]
[www.studioskeie.no/trykksaker-og-fargestyring/index.html]
[www.studioskeie.no/reklametekst/GET.9.delayed]
[www.studioskeie.no/reklametekst/index.html]
[www.studioskeie.no/aktuelt/GET.a.delayed]
[www.studioskeie.no/aktueltcecb]
[www.studioskeie.no/aktuelt/index.html]
[www.studioskeie.no/portfolio/index.html]
[www.studioskeie.no/aktuelt/2015/2/5/vi-ser-deg-gjerne.html]
[www.studioskeie.no/kontakt-oss/GET.d.delayed]
[www.studioskeie.no/kontakt-oss/index.html]
[www.studioskeie.no/grafisk-design/GET.html]
[www.studioskeie.no/logodesign-og-identitetsdesign/GET.html]
[www.studioskeie.no/markedsmateriell-og-reklamekampanje/GET.html]
[www.studioskeie.no/brosjyre-design-kataloger-og-arsrapporter/GET.html]
[www.studioskeie.no/web-design/GET.html]
[www.studioskeie.no/reklamefotograf-og-illustrator/GET.html]
[www.studioskeie.no/trykksaker-og-fargestyring/GET.html]
[www.studioskeie.no/reklametekst/GET.html]
[www.studioskeie.no/aktuelt/GET.html]
[www.studioskeie.no/aktuelt/index6efe.html]
[www.studioskeie.no/aktuelt/index6efe.html]
[www.studioskeie.no/aktuelt/2015/2/5/GET.e.delayed]
[www.studioskeie.no/aktuelt/2015/2/5/vi-ser-deg-gjerne.html]
[www.studioskeie.no/kontakt-oss/GET.html]
[www.studioskeie.no/aktuelt/2015/2/5/GET.html]
