[backblue.gif]
[fade.gif]
[index.html]
[www.instructables.com/id/Easiest-Homemade-Peanut-Butter/index.html]
[www.instructables.com/id/Easiest-Homemade-Peanut-Butter/www.instructables.com/files/orig/F1E/URE9/H8FOFT3D/F1EURE9H8FOFT3D.html]
[www.instructables.com/id/Easiest-Homemade-Peanut-Butter/name=technology;action-uri=http_/www.instructables.com/tag/type-id/category-technology/;icon-uri=htt/favicon.1.delaye]
[www.instructables.com/id/Easiest-Homemade-Peanut-Butter/name=workshop;action-uri=http_/www.instructables.com/tag/type-id/category-workshop/;icon-uri=http_/w/favicon.2.delaye]
[www.instructables.com/id/Easiest-Homemade-Peanut-Butter/name=craft;action-uri=http_/www.instructables.com/tag/type-id/category-craft/;icon-uri=http_/www.ins/favicon.3.delaye]
[www.instructables.com/id/Easiest-Homemade-Peanut-Butter/name=home;action-uri=http_/www.instructables.com/tag/type-id/category-home/;icon-uri=http_/www.instr/favicon.4.delaye]
[www.instructables.com/id/Easiest-Homemade-Peanut-Butter/name=food;action-uri=http_/www.instructables.com/tag/type-id/category-food/;icon-uri=http_/www.instr/favicon.5.delaye]
[www.instructables.com/id/Easiest-Homemade-Peanut-Butter/step2/Get-Your-Grind-On/index.html]
[www.instructables.com/id/Easiest-Homemade-Peanut-Butter/name=play;action-uri=http_/www.instructables.com/tag/type-id/category-play/;icon-uri=http_/www.instr/favicon.6.delaye]
[www.instructables.com/id/Easiest-Homemade-Peanut-Butter/index95e9.html]
[www.instructables.com/id/Easiest-Homemade-Peanut-Butter/name=outside;action-uri=http_/www.instructables.com/tag/type-id/category-outside/;icon-uri=http_/www/favicon.7.delaye]
[www.instructables.com/id/Easiest-Homemade-Peanut-Butter/name=costumes;action-uri=http_/www.instructables.com/tag/type-id/category-costumes/;icon-uri=http_/w/favicon.8.delaye]
[www.instructables.com/id/Easiest-Homemade-Peanut-Butter/step2/Get-Your-Grind-On/index.html]
[www.instructables.com/id/Easiest-Homemade-Peanut-Butter/indexa55f.html]
[www.instructables.com/id/Easiest-Homemade-Peanut-Butter/index95e9.html]
[www.instructables.com/id/Easiest-Homemade-Peanut-Butter/step3/Keep-Grinding/index.html]
[www.instructables.com/id/Easiest-Homemade-Peanut-Butter/step4/Optional-Oil-Salt/index.html]
[www.instructables.com/id/Easiest-Homemade-Peanut-Butter/step5/Fun-Flavors/index.html]
[www.instructables.com/id/Easiest-Homemade-Peanut-Butter/step6/Youre-Done/index.html]
[www.instructables.com/id/Easiest-Homemade-Peanut-Butter/step2/Get-Your-Grind-On/www.instructables.com/files/orig/F1E/URE9/H8FOFT3D/F1EURE9H8FOFT3D.html]
[www.instructables.com/id/Easiest-Homemade-Peanut-Butter/step2/Get-Your-Grind-On/name=technology;action-uri=http_/www.instructables.com/tag/type-id/category-/favicon.a.delaye]
[www.instructables.com/id/Easiest-Homemade-Peanut-Butter/step2/Get-Your-Grind-On/name=workshop;action-uri=http_/www.instructables.com/tag/type-id/category-wo/favicon.b.delaye]
[www.instructables.com/id/Easiest-Homemade-Peanut-Butter/step2/Get-Your-Grind-On/name=craft;action-uri=http_/www.instructables.com/tag/type-id/category-craft/favicon.c.delaye]
[www.instructables.com/id/Easiest-Homemade-Peanut-Butter/step2/Get-Your-Grind-On/name=home;action-uri=http_/www.instructables.com/tag/type-id/category-home/;/favicon.d.delaye]
[www.instructables.com/id/Easiest-Homemade-Peanut-Butter/step2/Get-Your-Grind-On/name=food;action-uri=http_/www.instructables.com/tag/type-id/category-food/;/favicon.e.delaye]
[www.instructables.com/id/Easiest-Homemade-Peanut-Butter/step2/Get-Your-Grind-On/name=play;action-uri=http_/www.instructables.com/tag/type-id/category-play/;/favicon.f.delaye]
[www.instructables.com/id/Easiest-Homemade-Peanut-Butter/step2/Get-Your-Grind-On/name=outside;action-uri=http_/www.instructables.com/tag/type-id/category-ou/favicon.10.delaye]
[www.instructables.com/id/Easiest-Homemade-Peanut-Butter/step2/Get-Your-Grind-On/name=costumes;action-uri=http_/www.instructables.com/tag/type-id/category-c/favicon.11.delaye]
[www.instructables.com/id/Easiest-Homemade-Peanut-Butter/step3/Keep-Grinding/www.instructables.com/files/orig/F1E/URE9/H8FOFT3D/F1EURE9H8FOFT3D.html]
[www.instructables.com/id/Easiest-Homemade-Peanut-Butter/step3/Keep-Grinding/name=technology;action-uri=http_/www.instructables.com/tag/type-id/category-tec/favicon.13.delaye]
[www.instructables.com/id/Easiest-Homemade-Peanut-Butter/step3/Keep-Grinding/name=workshop;action-uri=http_/www.instructables.com/tag/type-id/category-works/favicon.14.delaye]
[www.instructables.com/id/Easiest-Homemade-Peanut-Butter/step3/Keep-Grinding/name=craft;action-uri=http_/www.instructables.com/tag/type-id/category-craft/;i/favicon.15.delaye]
[www.instructables.com/id/Easiest-Homemade-Peanut-Butter/step3/Keep-Grinding/name=home;action-uri=http_/www.instructables.com/tag/type-id/category-home/;ico/favicon.16.delaye]
[www.instructables.com/id/Easiest-Homemade-Peanut-Butter/step3/Keep-Grinding/name=food;action-uri=http_/www.instructables.com/tag/type-id/category-food/;ico/favicon.17.delaye]
[www.instructables.com/id/Easiest-Homemade-Peanut-Butter/step3/Keep-Grinding/name=play;action-uri=http_/www.instructables.com/tag/type-id/category-play/;ico/favicon.18.delaye]
[www.instructables.com/id/Easiest-Homemade-Peanut-Butter/step3/Keep-Grinding/name=outside;action-uri=http_/www.instructables.com/tag/type-id/category-outsid/favicon.19.delaye]
[www.instructables.com/id/Easiest-Homemade-Peanut-Butter/step3/Keep-Grinding/name=costumes;action-uri=http_/www.instructables.com/tag/type-id/category-costu/favicon.1a.delaye]
[www.instructables.com/id/Easiest-Homemade-Peanut-Butter/step4/Optional-Oil-Salt/www.instructables.com/files/orig/F1E/URE9/H8FOFT3D/F1EURE9H8FOFT3D.html]
[www.instructables.com/id/Easiest-Homemade-Peanut-Butter/step4/Optional-Oil-Salt/name=technology;action-uri=http_/www.instructables.com/tag/type-id/category/favicon.1c.delaye]
[www.instructables.com/id/Easiest-Homemade-Peanut-Butter/step4/Optional-Oil-Salt/name=workshop;action-uri=http_/www.instructables.com/tag/type-id/category-w/favicon.1d.delaye]
[www.instructables.com/id/Easiest-Homemade-Peanut-Butter/step4/Optional-Oil-Salt/name=craft;action-uri=http_/www.instructables.com/tag/type-id/category-craf/favicon.1e.delaye]
[www.instructables.com/id/Easiest-Homemade-Peanut-Butter/step4/Optional-Oil-Salt/name=home;action-uri=http_/www.instructables.com/tag/type-id/category-home//favicon.1f.delaye]
[www.instructables.com/id/Easiest-Homemade-Peanut-Butter/step4/Optional-Oil-Salt/name=food;action-uri=http_/www.instructables.com/tag/type-id/category-food//favicon.20.delaye]
[www.instructables.com/id/Easiest-Homemade-Peanut-Butter/step4/Optional-Oil-Salt/name=play;action-uri=http_/www.instructables.com/tag/type-id/category-play//favicon.21.delaye]
[www.instructables.com/id/Easiest-Homemade-Peanut-Butter/step4/Optional-Oil-Salt/name=outside;action-uri=http_/www.instructables.com/tag/type-id/category-ou/favicon.22.delaye]
[www.instructables.com/id/Easiest-Homemade-Peanut-Butter/step4/Optional-Oil-Salt/name=costumes;action-uri=http_/www.instructables.com/tag/type-id/category-c/favicon.23.delaye]
[www.instructables.com/id/Easiest-Homemade-Peanut-Butter/step5/Fun-Flavors/www.instructables.com/files/orig/F1E/URE9/H8FOFT3D/F1EURE9H8FOFT3D.html]
[www.instructables.com/id/Easiest-Homemade-Peanut-Butter/step5/Fun-Flavors/name=technology;action-uri=http_/www.instructables.com/tag/type-id/category-techn/favicon.25.delaye]
[www.instructables.com/id/Easiest-Homemade-Peanut-Butter/step5/Fun-Flavors/name=workshop;action-uri=http_/www.instructables.com/tag/type-id/category-worksho/favicon.26.delaye]
[www.instructables.com/id/Easiest-Homemade-Peanut-Butter/step5/Fun-Flavors/name=craft;action-uri=http_/www.instructables.com/tag/type-id/category-craft/;ico/favicon.27.delaye]
[www.instructables.com/id/Easiest-Homemade-Peanut-Butter/step5/Fun-Flavors/name=home;action-uri=http_/www.instructables.com/tag/type-id/category-home/;icon-/favicon.28.delaye]
[www.instructables.com/id/Easiest-Homemade-Peanut-Butter/step5/Fun-Flavors/name=food;action-uri=http_/www.instructables.com/tag/type-id/category-food/;icon-/favicon.29.delaye]
[www.instructables.com/id/Easiest-Homemade-Peanut-Butter/step5/Fun-Flavors/name=play;action-uri=http_/www.instructables.com/tag/type-id/category-play/;icon-/favicon.2a.delaye]
[www.instructables.com/id/Easiest-Homemade-Peanut-Butter/step5/Fun-Flavors/name=outside;action-uri=http_/www.instructables.com/tag/type-id/category-outside//favicon.2b.delaye]
[www.instructables.com/id/Easiest-Homemade-Peanut-Butter/step5/Fun-Flavors/name=costumes;action-uri=http_/www.instructables.com/tag/type-id/category-costume/favicon.2c.delaye]
[www.instructables.com/id/Easiest-Homemade-Peanut-Butter/step6/Youre-Done/www.instructables.com/files/orig/F1E/URE9/H8FOFT3D/F1EURE9H8FOFT3D.html]
[www.instructables.com/id/Easiest-Homemade-Peanut-Butter/step6/Youre-Done/name=technology;action-uri=http_/www.instructables.com/tag/type-id/category-techno/favicon.2e.delaye]
[www.instructables.com/id/Easiest-Homemade-Peanut-Butter/step6/Youre-Done/name=workshop;action-uri=http_/www.instructables.com/tag/type-id/category-workshop/favicon.2f.delaye]
[www.instructables.com/id/Easiest-Homemade-Peanut-Butter/step6/Youre-Done/name=craft;action-uri=http_/www.instructables.com/tag/type-id/category-craft/;icon/favicon.30.delaye]
[www.instructables.com/id/Easiest-Homemade-Peanut-Butter/step6/Youre-Done/name=home;action-uri=http_/www.instructables.com/tag/type-id/category-home/;icon-u/favicon.31.delaye]
[www.instructables.com/id/Easiest-Homemade-Peanut-Butter/step6/Youre-Done/name=food;action-uri=http_/www.instructables.com/tag/type-id/category-food/;icon-u/favicon.32.delaye]
[www.instructables.com/id/Easiest-Homemade-Peanut-Butter/step6/Youre-Done/name=play;action-uri=http_/www.instructables.com/tag/type-id/category-play/;icon-u/favicon.33.delaye]
[www.instructables.com/id/Easiest-Homemade-Peanut-Butter/step6/Youre-Done/name=outside;action-uri=http_/www.instructables.com/tag/type-id/category-outside/;/favicon.34.delaye]
[www.instructables.com/id/Easiest-Homemade-Peanut-Butter/step6/Youre-Done/name=costumes;action-uri=http_/www.instructables.com/tag/type-id/category-costumes/favicon.35.delaye]
