[labs.rampinteractive.co.uk/touchSwipe/docs/index.html]
[backblue.gif]
[fade.gif]
[index.html]
[labs.rampinteractive.co.uk/touchSwipe/docs/css/common.css]
[labs.rampinteractive.co.uk/touchSwipe/docs/css/prettify.css]
[labs.rampinteractive.co.uk/touchSwipe/docs/css/bootstrap.min.css]
[labs.rampinteractive.co.uk/touchSwipe/docs/img/classicons.png]
[labs.rampinteractive.co.uk/touchSwipe/docs/js/bootstrap.min.js]
[labs.rampinteractive.co.uk/touchSwipe/docs/js/accordion.js]
[labs.rampinteractive.co.uk/touchSwipe/docs/js/prettify.js]
[labs.rampinteractive.co.uk/touchSwipe/docs/files.html]
[labs.rampinteractive.co.uk/touchSwipe/docs/js/jquery-1.7.2.min.js]
[labs.rampinteractive.co.uk/touchSwipe/docs/symbols/$.html]
[labs.rampinteractive.co.uk/touchSwipe/docs/symbols/$.fn.html]
[labs.rampinteractive.co.uk/touchSwipe/docs/symbols/$.fn.swipe.html]
[labs.rampinteractive.co.uk/touchSwipe/docs/symbols/$.fn.swipe.defaults.html]
[labs.rampinteractive.co.uk/touchSwipe/docs/symbols/$.fn.swipe.directions.html]
[labs.rampinteractive.co.uk/touchSwipe/docs/symbols/$.fn.swipe.fingers.html]
[labs.rampinteractive.co.uk/touchSwipe/docs/symbols/$.fn.swipe.pageScroll.html]
[labs.rampinteractive.co.uk/touchSwipe/docs/symbols/$.fn.swipe.phases.html]
[labs.rampinteractive.co.uk/touchSwipe/docs/symbols/_global_.html]
[labs.rampinteractive.co.uk/touchSwipe/docs/index.html]
[labs.rampinteractive.co.uk/touchSwipe/docs/css/common.css]
[labs.rampinteractive.co.uk/touchSwipe/docs/css/prettify.css]
[labs.rampinteractive.co.uk/touchSwipe/docs/symbols/src/jquery.touchSwipe.js.html]
[labs.rampinteractive.co.uk/touchSwipe/docs/img/glyphicons-halflings.png]
[labs.rampinteractive.co.uk/touchSwipe/docs/css/bootstrap.min.css]
[labs.rampinteractive.co.uk/touchSwipe/docs/css/print.css]
[labs.rampinteractive.co.uk/touchSwipe/docs/js/bootstrap.min.html]
[labs.rampinteractive.co.uk/touchSwipe/docs/img/glyphicons-halflings-white.png]
[labs.rampinteractive.co.uk/touchSwipe/docs/files.html]
[labs.rampinteractive.co.uk/touchSwipe/docs/index-2.html]
[labs.rampinteractive.co.uk/touchSwipe/docs/symbols/$.html]
[labs.rampinteractive.co.uk/touchSwipe/docs/symbols/$.fn.html]
[labs.rampinteractive.co.uk/touchSwipe/docs/symbols/$.fn.swipe.html]
[labs.rampinteractive.co.uk/touchSwipe/docs/img/class.png]
[labs.rampinteractive.co.uk/touchSwipe/docs/img/namespace.png]
[labs.rampinteractive.co.uk/touchSwipe/docs/symbols/$.fn.swipe.defaults.html]
[labs.rampinteractive.co.uk/touchSwipe/docs/symbols/$.fn.swipe.directions.html]
[labs.rampinteractive.co.uk/touchSwipe/docs/symbols/$.fn.swipe.fingers.html]
[labs.rampinteractive.co.uk/touchSwipe/docs/symbols/$.fn.swipe.pageScroll.html]
[labs.rampinteractive.co.uk/touchSwipe/docs/symbols/$.fn.swipe.phases.html]
[labs.rampinteractive.co.uk/touchSwipe/docs/symbols/_global_.html]
[labs.rampinteractive.co.uk/touchSwipe/docs/symbols/src/jquery.touchSwipe.js.html]
[labs.rampinteractive.co.uk/touchSwipe/docs/index-2.html]
