[backblue.gif]
[fade.gif]
[index.html]
[withemes.com/norris/xmlrpc.php]
[withemes.com/norris/wp-content/uploads/2013/10/favicon.ico]
[withemes.com/norris/wp-content/uploads/2013/10/apple-57x57.png]
[withemes.com/norris/feed/index.html]
[withemes.com/norris/comments/feed/index.html]
[withemes.com/norris/onepage/feed/index.html]
[withemes.com/norris/wp-includes/js/jquery/jquery3e5a.js]
[withemes.com/norris/wp-includes/js/jquery/jquery-migrate.min1576.js]
[withemes.com/norris/wp-includes/js/comment-reply.minf43b.js]
[withemes.com/norris/wp-content/themes/norris/js/modernizr.custom.1514061da.js]
[withemes.com/norris/xmlrpc0db0.php]
[withemes.com/norris/wp-includes/wlwmanifest.xml]
[withemes.com/norris/wp-content/themes/norris/images/sidrbg/nami.png]
[withemes.com/norris/wp-content/themes/norris/images/logo@2x.png]
[withemes.com/norris/wp-content/themes/norris/images/footer-logo@2x.png]
[withemes.com/norris/wp-content/uploads/2013/10/arctext.jpg]
[withemes.com/norris/wp-content/plugins/wi-shortcodes/includes/images/aoc/aoc-d.gif]
[withemes.com/norris/wp-content/themes/norris/images/sidrbg/argyle.png]
[withemes.com/norris/wp-content/themes/norris/images/sidrbg/argyle_@2X.png]
[withemes.com/norris/wp-content/uploads/2013/10/leaves.png]
[withemes.com/norris/wp-content/uploads/2013/10/member1.jpg]
[withemes.com/norris/wp-content/uploads/2013/10/member2.jpg]
[withemes.com/norris/wp-content/uploads/2013/10/member3.jpg]
[withemes.com/norris/wp-content/uploads/2013/10/brand1.png]
[withemes.com/norris/wp-content/uploads/2013/10/brand3.png]
[withemes.com/norris/wp-content/uploads/2013/10/brand4.png]
[withemes.com/norris/wp-content/uploads/2013/10/brand5.png]
[withemes.com/norris/wp-content/uploads/2013/10/MG_6965.jpg]
[withemes.com/norris/wp-content/uploads/2013/10/ornament.png]
[withemes.com/norris/wp-content/uploads/2013/10/28.jpg]
[withemes.com/norris/wp-content/uploads/2013/10/kids.png]
[withemes.com/norris/wp-content/uploads/2013/10/22-480x320.jpg]
[withemes.com/norris/wp-content/uploads/2013/10/ac2b3d8e6cf255e481d653b557ef5404-480x320.jpg]
[withemes.com/norris/wp-content/uploads/2013/10/MG_3432-480x320.jpg]
[withemes.com/norris/wp-content/uploads/2013/10/20-480x320.jpg]
[withemes.com/norris/wp-content/uploads/2013/10/12-480x320.jpg]
[withemes.com/norris/wp-content/uploads/2013/10/b368e22fb9c5a03c6ceee5b9b008bdbe-480x320.jpg]
[withemes.com/norris/wp-content/uploads/2013/10/664258796cd28f5ac787cc72d0eec940-480x320.jpg]
[withemes.com/norris/wp-content/uploads/2013/08/MG_6284-copy-480x320.jpg]
[withemes.com/norris/wp-content/uploads/2013/10/30-480x320.jpg]
[withemes.com/norris/wp-content/uploads/2013/10/MG_4580-433x320.jpg]
[withemes.com/norris/wp-content/uploads/2013/10/MG_6906-copy1-433x320.jpg]
[withemes.com/norris/wp-content/uploads/2013/10/MG_2020-433x320.jpg]
[withemes.com/norris/wp-content/themes/norris/images/sidrbg/black_thread.png]
[withemes.com/norris/wp-content/themes/norris/images/sidrbg/black_thread_@2X.png]
[withemes.com/norris/wp-content/uploads/2013/10/fishing-164977_1280.jpg]
[withemes.com/norris/wp-content/uploads/2013/10/ink.png]
[withemes.com/norris/wp-content/themes/norris/images/footer-logo.png]
[withemes.com/norris/wp-content/plugins/wi-portfolio/js/jquery.easing.1.34e44.js]
[withemes.com/norris/wp-content/plugins/wi-portfolio/js/jquery.colorbox-min4b88.js]
[withemes.com/norris/wp-content/plugins/contact-form-7/includes/js/jquery.form.mind16f.js]
[withemes.com/norris/wp-content/plugins/contact-form-7/includes/js/scripts1aae.js]
[withemes.com/norris/wp-content/plugins/wi-shortcodes/includes/js/jquery.fitvids5152.js]
[withemes.com/norris/wp-content/plugins/wi-shortcodes/includes/js/main5152.js]
[withemes.com/norris/wp-content/themes/norris/js/jquery.touchSwipe.min3ba1.js]
[withemes.com/norris/wp-content/themes/norris/js/jquery.autosize-min02d8.js]
[withemes.com/norris/wp-content/themes/norris/js/jquery.parallax-1.1.3c358.js]
[withemes.com/norris/wp-content/themes/norris/js/jquery.sticky5152.js]
[withemes.com/norris/wp-content/themes/norris/js/supersized.3.2.7.min2c3d.js]
[withemes.com/norris/wp-content/themes/norris/js/supersized.shutter.min4963.js]
[withemes.com/norris/wp-content/themes/norris/js/main5152.js]
[withemes.com/norris/wp-content/plugins/wi-shortcodes/includes/js/bigtext5810.js]
[withemes.com/norris/wp-content/themes/norris/js/jquery.tweet.min5152.js]
[withemes.com/norris/wp-content/plugins/wi-portfolio/js/jquery.isotope.min83fb.js]
[withemes.com/norris/wp-content/plugins/wi-portfolio/js/portfolio-ajax5152.js]
[withemes.com/norris/index.html]
[withemes.com/norris/wp-content/plugins/wi-portfolio/js/jquery.flexslider-min53cf.js]
[withemes.com/norris/wp-content/plugins/wi-portfolio/images/ajax-loader.gif]
[withemes.com/norris/wp-content/plugins/wi-portfolio/images/next.png]
[withemes.com/norris/wp-content/plugins/wi-portfolio/images/prev.png]
[withemes.com/norris/wp-content/plugins/wi-portfolio/images/prev@2x.png]
[withemes.com/norris/wp-content/plugins/wi-portfolio/images/next@2x.png]
[withemes.com/norris/wp-content/plugins/wi-portfolio/css/portfoliof43b.css]
[withemes.com/norris/wp-content/plugins/wi-portfolio/images/ajax-loader@2x.gif]
[withemes.com/norris/wp-content/plugins/wi-portfolio/css/responsivef43b.css]
[withemes.com/norris/wp-content/plugins/wi-portfolio/css/colorboxf43b.css]
[withemes.com/norris/wp-content/plugins/contact-form-7/includes/css/styles1aae.css]
[withemes.com/norris/wp-content/plugins/wi-portfolio/images/controls.png]
[withemes.com/norris/wp-content/plugins/wi-shortcodes/includes/css/font/fontawesome-webfontf77b.eot]
[withemes.com/norris/wp-content/plugins/wi-shortcodes/includes/css/font/fontawesome-webfontd41d.eot]
[withemes.com/norris/wp-content/plugins/wi-shortcodes/includes/css/font/fontawesome-webfontf77b.woff]
[withemes.com/norris/wp-content/plugins/wi-shortcodes/includes/css/font/fontawesome-webfontf77b.ttf]
[withemes.com/norris/wp-content/plugins/wi-shortcodes/includes/css/font-awesome.minf43b.css]
[withemes.com/norris/wp-content/plugins/wi-shortcodes/includes/css/icomoon/icomoon.eot]
[withemes.com/norris/wp-content/plugins/wi-shortcodes/includes/css/icomoon/icomoond41d.eot]
[withemes.com/norris/wp-content/plugins/wi-shortcodes/includes/css/icomoon/icomoon.woff]
[withemes.com/norris/wp-content/plugins/wi-shortcodes/includes/css/icomoon/icomoon.ttf]
[withemes.com/norris/wp-content/plugins/wi-shortcodes/includes/css/icomoonf43b.css]
[withemes.com/norris/wp-content/plugins/wi-shortcodes/includes/images/stripe.png]
[withemes.com/norris/wp-content/plugins/wi-shortcodes/includes/images/testimonial-decoration.png]
[withemes.com/norris/wp-content/plugins/wi-shortcodes/includes/images/line.png]
[withemes.com/norris/wp-content/plugins/wi-shortcodes/includes/images/star.png]
[withemes.com/norris/wp-content/plugins/wi-shortcodes/includes/images/prev.png]
[withemes.com/norris/wp-content/plugins/wi-shortcodes/includes/images/stripe@2x.png]
[withemes.com/norris/wp-content/plugins/wi-shortcodes/includes/images/testimonial-decoration@2x.png]
[withemes.com/norris/wp-content/plugins/wi-shortcodes/includes/images/line@2x.png]
[withemes.com/norris/wp-content/plugins/wi-shortcodes/includes/images/star@2x.png]
[withemes.com/norris/wp-content/plugins/wi-shortcodes/includes/images/next@2x.png]
[withemes.com/norris/wp-content/plugins/wi-shortcodes/includes/css/shortcodesf43b.css]
[withemes.com/norris/wp-content/plugins/wi-shortcodes/includes/css/responsivef43b.css]
[withemes.com/norris/wp-content/plugins/wi-shortcodes/includes/images/prev@2x.png]
[withemes.com/norris/wp-content/themes/norris/images/arrow.png]
[withemes.com/norris/wp-content/themes/norris/images/prev.png]
[withemes.com/norris/wp-content/themes/norris/images/stripe.png]
[withemes.com/norris/wp-content/themes/norris/images/flourish.png]
[withemes.com/norris/wp-content/themes/norris/images/rhombus-small.png]
[withemes.com/norris/wp-content/themes/norris/images/rhombus.png]
[withemes.com/norris/wp-content/themes/norris/images/sidrbg/dark_geometric.png]
[withemes.com/norris/wp-content/themes/norris/images/sidrbg/soft_kill.png]
[withemes.com/norris/wp-content/themes/norris/images/up.png]
[withemes.com/norris/wp-content/themes/norris/images/arrow@2x.png]
[withemes.com/norris/wp-content/themes/norris/images/next@2x.png]
[withemes.com/norris/wp-content/themes/norris/images/prev@2x.png]
[withemes.com/norris/wp-content/themes/norris/images/stripe@2x.png]
[withemes.com/norris/wp-content/themes/norris/images/flourish@2x.png]
[withemes.com/norris/wp-content/themes/norris/images/up@2x.png]
[withemes.com/norris/wp-content/themes/norris/images/rhombus-small@2x.png]
[withemes.com/norris/wp-content/themes/norris/images/rhombus@2x.png]
[withemes.com/norris/wp-content/themes/norris/images/sidrbg/dark_geometric_@2X.png]
[withemes.com/norris/wp-content/themes/norris/images/sidrbg/soft_kill_@2X.png]
[withemes.com/norris/wp-content/themes/norris/images/white-arrow.png]
[withemes.com/norris/wp-content/themes/norris/images/white-line.png]
[withemes.com/norris/wp-content/themes/norris/images/white-rhombus-small.png]
[withemes.com/norris/wp-content/themes/norris/images/white-rhombus.png]
[withemes.com/norris/wp-content/themes/norris/images/white-arrow@2x.png]
[withemes.com/norris/wp-content/themes/norris/stylef43b.css]
[withemes.com/norris/wp-content/themes/norris/images/white-rhombus@2x.png]
[withemes.com/norris/wp-content/themes/norris/images/progress.gif]
[withemes.com/norris/wp-content/themes/norris/images/progress-back.png]
[withemes.com/norris/wp-content/themes/norris/images/progress-bar.png]
[withemes.com/norris/wp-content/themes/norris/css/supersizedf43b.css]
[withemes.com/norris/wp-content/themes/norris/css/responsivef43b.css]
[withemes.com/norris/wp-content/uploads/2013/10/tumblr_lqkpcnF13A1r0mjuuo1_1280-600x400.jpg]
[withemes.com/norris/wp-content/uploads/2013/09/MG_8164-copy-600x400.jpg]
[withemes.com/norris/wp-content/uploads/2013/09/tumblr_lpdk3lJoki1r0mjuuo1_1280-600x400.jpg]
[withemes.com/norris/wp-content/uploads/2013/10/tumblr_lpdj6mhkKs1r0mjuuo1_400.jpg]
[withemes.com/norris/wp-content/uploads/2013/10/ad.jpg]
[withemes.com/norris/wp-content/themes/norris/images/ad-placeholder/150x150.gif]
[withemes.com/norris/blog/index.html]
[withemes.com/norris/wp-content/plugins/wi-shortcodes/includes/images/aoc/aoc-m.gif]
[withemes.com/norris/wp-content/uploads/2013/10/MG_1838-copy-1024x701.jpg]
[withemes.com/norris/wp-content/uploads/2013/10/MG_1838-copy-1024x701-600x400.jpg]
[withemes.com/norris/wp-content/uploads/2013/10/penguin.jpg]
[withemes.com/norris/wp-content/uploads/2013/10/MG_3712-600x400.jpg]
[withemes.com/norris/wp-content/uploads/2013/10/MG_2101-1024x682-940x400.jpg]
[withemes.com/norris/wp-content/uploads/2013/10/20-940x400.jpg]
[withemes.com/norris/wp-content/uploads/2013/10/024-940x400.jpg]
[withemes.com/norris/wp-content/uploads/2013/10/tumblr_lpdj6mhkKs1r0mjuuo1_400-150x150.jpg]
[withemes.com/norris/wp-content/uploads/2013/10/tumblr_lqkpcnF13A1r0mjuuo1_1280.jpg]
[withemes.com/norris/wp-content/uploads/2013/10/tumblr_lqkpcnF13A1r0mjuuo1_1280-150x150.jpg]
[withemes.com/norris/wp-content/uploads/2013/10/221.jpg]
[withemes.com/norris/wp-content/uploads/2013/10/221-150x150.jpg]
[withemes.com/norris/wp-content/uploads/2013/10/MG_2101-1024x682.jpg]
[withemes.com/norris/wp-content/uploads/2013/10/MG_2101-1024x682-150x150.jpg]
[withemes.com/norris/wp-content/uploads/2013/10/021.jpg]
[withemes.com/norris/wp-content/uploads/2013/10/021-150x150.jpg]
[withemes.com/norris/wp-content/uploads/2013/09/tumblr_lpdk3lJoki1r0mjuuo1_1280.jpg]
[withemes.com/norris/wp-content/uploads/2013/09/tumblr_lpdk3lJoki1r0mjuuo1_1280-150x150.jpg]
[withemes.com/norris/wp-content/plugins/wi-shortcodes/includes/js/jquery.easy-pie-chart2fca.js]
[withemes.com/norris/shortcodes/index.html]
[withemes.com/norris/indexe6f0.html]
[withemes.com/norris/indexe043.html]
[withemes.com/norris/wp-content/uploads/2013/10/059.jpg]
[withemes.com/norris/wp-content/uploads/2013/10/0993-1024x682.jpg]
[withemes.com/norris/wp-content/uploads/2013/10/0242.jpg]
[withemes.com/norris/index20c4.html]
[withemes.com/norris/shortcodes/feed/index.html]
[withemes.com/norris/wp-content/uploads/2013/10/man.jpg]
[withemes.com/norris/index9f12.html]
[withemes.com/norris/wp-content/themes/norris/images/sidrbg/nami_@2X.png]
[withemes.com/norris/wp-content/themes/norris/images/logo.png]
[withemes.com/norris/index6e3b.html]
[withemes.com/norris/indexc1c7.html]
[withemes.com/norris/index13d4.html]
[withemes.com/norris/index7c7b.html]
[withemes.com/norris/wp-content/uploads/2013/10/top-area-logo.png]
[withemes.com/norris/indexc120.html]
[withemes.com/norris/index789d.html]
[withemes.com/norris/index7497.html]
[withemes.com/norris/index572b.html]
[withemes.com/norris/index80d1.html]
[withemes.com/norris/wp-content/uploads/2013/10/white-logo@2x.png]
[withemes.com/norris/wp-content/uploads/2013/10/white-logo.png]
[withemes.com/norris/index9727.html]
[withemes.com/norris/portfolio/portfolio-style-2/index.html]
[withemes.com/norris/portfolio/portfolio-style-2/feed/index.html]
[withemes.com/norris/portfolio/portfolio-no-crop/feed/index.html]
[withemes.com/norris/wp-content/uploads/2013/10/22-480x270.jpg]
[withemes.com/norris/wp-content/uploads/2013/10/MG_4580.jpg]
[withemes.com/norris/wp-content/uploads/2013/10/MG_6906-copy1.jpg]
[withemes.com/norris/wp-content/uploads/2013/10/20-480x270.jpg]
[withemes.com/norris/wp-content/uploads/2013/10/12-480x270.jpg]
[withemes.com/norris/wp-content/uploads/2013/10/MG_2020.jpg]
[withemes.com/norris/wp-content/uploads/2013/10/664258796cd28f5ac787cc72d0eec940.jpg]
[withemes.com/norris/wp-content/uploads/2013/10/b368e22fb9c5a03c6ceee5b9b008bdbe.jpg]
[withemes.com/norris/portfolio/portfolio-no-crop/index.html]
[withemes.com/norris/portfolio/index.html]
[withemes.com/norris/wp-content/uploads/2013/10/30-480x270.jpg]
[withemes.com/norris/portfolio/feed/index.html]
[withemes.com/norris/wp-content/plugins/wi-portfolio/css/flexsliderf43b.css]
[withemes.com/norris/wp-content/plugins/wi-portfolio/js/jquery.waitforimages5152.js]
[withemes.com/norris/wp-content/plugins/wi-portfolio/css/bootstrap-responsive.min.html]
[withemes.com/norris/wp-content/plugins/wi-portfolio/images/loading.gif]
[withemes.com/norris/wp-content/plugins/wi-shortcodes/includes/css/font/fontawesome-webfont.svg]
[withemes.com/norris/wp-content/plugins/wi-shortcodes/includes/css/icomoon/icomoon.svg]
[withemes.com/norris/wp-content/plugins/wi-shortcodes/includes/images/next.png]
[withemes.com/norris/wp-content/themes/norris/css/bootstrap.min.css]
[withemes.com/norris/wp-content/themes/norris/css/font/fontawesome-webfontf77b.eot]
[withemes.com/norris/wp-content/themes/norris/css/font/fontawesome-webfontd41d.eot]
[withemes.com/norris/wp-content/themes/norris/css/font/fontawesome-webfontf77b.woff]
[withemes.com/norris/wp-content/themes/norris/css/font/fontawesome-webfontf77b.ttf]
[withemes.com/norris/wp-content/themes/norris/css/font-awesome.min.css]
[withemes.com/norris/wp-content/themes/norris/css/icomoon/icomoon.eot]
[withemes.com/norris/wp-content/themes/norris/css/icomoon/icomoon.woff]
[withemes.com/norris/wp-content/themes/norris/css/icomoon/icomoon.ttf]
[withemes.com/norris/wp-content/themes/norris/css/icomoon.css]
[withemes.com/norris/wp-content/themes/norris/css/shortcodes.css]
[withemes.com/norris/wp-content/themes/images/wooden.html]
[withemes.com/norris/wp-content/themes/norris/images/white-line@2px.html]
[withemes.com/norris/wp-content/themes/norris/images/next.png]
[withemes.com/norris/wp-content/themes/norris/images/bg-black.html]
[withemes.com/norris/wp-content/themes/norris/images/thumb-forward.html]
[withemes.com/norris/wp-content/themes/norris/css/bootstrap-responsive.min.css]
[withemes.com/norris/wp-content/plugins/mailchimp-for-wp/assets/css/css548d.php]
[withemes.com/norris/this-is-a-standard-post/feed/index.html]
[withemes.com/norris/wp-content/uploads/2013/10/560371211778730.jpg]
[withemes.com/norris/wp-content/plugins/user-avatar/user-avatar-pic2532.jpg]
[withemes.com/norris/wp-content/plugins/user-avatar/user-avatar-pic2c91.jpg]
[withemes.com/norris/this-is-a-standard-post/index.html]
[withemes.com/norris/wp-content/uploads/2013/10/27-600x337.jpg]
[withemes.com/norris/category/world/index.html]
[withemes.com/norris/category/world/feed/index.html]
[withemes.com/norris/format-gallery/feed/index.html]
[withemes.com/norris/wp-content/uploads/2013/09/MG_8164-copy.jpg]
[withemes.com/norris/format-gallery/index.html]
[withemes.com/norris/category/format/index.html]
[withemes.com/norris/category/format/feed/index.html]
[withemes.com/norris/category/travel/index.html]
[withemes.com/norris/category/travel/feed/index.html]
[withemes.com/norris/video-post-format/index.html]
[withemes.com/norris/video-post-format/feed/index.html]
[withemes.com/norris/blog/page/2/index.html]
[withemes.com/norris/post-format-quote/index.html]
[withemes.com/norris/post-format-quote/feed/index.html]
[withemes.com/norris/tag/design/index.html]
[withemes.com/norris/tag/design/feed/index.html]
[withemes.com/norris/tag/format/index.html]
[withemes.com/norris/tag/format/feed/index.html]
[withemes.com/norris/tag/graphic/index.html]
[withemes.com/norris/tag/graphic/feed/index.html]
[withemes.com/norris/tag/illustration/index.html]
[withemes.com/norris/tag/illustration/feed/index.html]
[withemes.com/norris/tag/music/index.html]
[withemes.com/norris/tag/music/feed/index.html]
[withemes.com/norris/tag/theme/index.html]
[withemes.com/norris/tag/theme/feed/index.html]
[withemes.com/norris/tag/wordpress/index.html]
[withemes.com/norris/tag/wordpress/feed/index.html]
[withemes.com/norris/wp-content/themes/norris/images/sidrbg/nami_@2X.png]
[withemes.com/norris/indexfa80.html]
[withemes.com/norris/wp-content/themes/norris/images/logo.png]
[withemes.com/norris/test-youtube-video/index.html]
[withemes.com/norris/test-youtube-video/feed/index.html]
[withemes.com/norris/index0133.html]
[withemes.com/norris/services/index.html]
[withemes.com/norris/services/feed/index.html]
[withemes.com/norris/pricing/feed/index.html]
[withemes.com/norris/pricing/index.html]
[withemes.com/norris/portfolio/portfolio-4-columns/index.html]
[withemes.com/norris/portfolio/portfolio-4-columns/feed/index.html]
[withemes.com/norris/wp-content/uploads/2013/10/brand2.png]
[withemes.com/norris/wp-content/plugins/wi-portfolio/images/bg_direction_nav.html]
[withemes.com/norris/wp-content/plugins/wi-portfolio/js/jquery.waitforimages5152.js]
[withemes.com/norris/wp-content/plugins/wi-portfolio/images/loading.gif]
[withemes.com/norris/wp-content/themes/norris/css/normalize.css]
[withemes.com/norris/wp-content/themes/norris/css/font/fontawesome-webfont.svg]
[withemes.com/norris/wp-content/plugins/wi-shortcodes/includes/images/next.png]
[withemes.com/norris/wp-content/themes/norris/css/icomoon/icomoon.svg]
[withemes.com/norris/wp-content/themes/norris/css/icomoon/icomoond41d.eot]
[withemes.com/norris/wp-content/themes/norris/images/next.png]
[withemes.com/norris/wp-content/themes/norris/images/white-rhombus-small@2x.png]
[withemes.com/norris/wp-content/themes/norris/images/thumb-back.png]
[withemes.com/norris/indexb5fb.html]
[withemes.com/norris/author/admin/index.html]
[withemes.com/norris/this-is-a-standard-post/index0e22.html]
[withemes.com/norris/author/admin/feed/index.html]
[withemes.com/norris/this-is-a-standard-post/index8e42.html]
[withemes.com/norris/category/music/index.html]
[withemes.com/norris/category/music/feed/index.html]
[withemes.com/norris/index5c90.html]
[withemes.com/norris/index1c4a.html]
[withemes.com/norris/vertical-image/feed/index.html]
[withemes.com/norris/wp-content/uploads/2013/10/tumblr_lpdj6mhkKs1r0mjuuo1_400-400x400.jpg]
[withemes.com/norris/vertical-image/index.html]
[withemes.com/norris/audio-post/index.html]
[withemes.com/norris/audio-post/feed/index.html]
[withemes.com/norris/category/design/index.html]
[withemes.com/norris/blog/page/1/index.html]
[withemes.com/norris/index0d0b.html]
[withemes.com/norris/2013/10/index.html]
[withemes.com/norris/category/design/feed/index.html]
[withemes.com/norris/tag/audio/feed/index.html]
[withemes.com/norris/tag/audio/index.html]
[withemes.com/norris/tag/human/index.html]
[withemes.com/norris/tag/human/feed/index.html]
[withemes.com/norris/tag/nature/index.html]
[withemes.com/norris/tag/nature/feed/index.html]
[withemes.com/norris/index17d5.html]
[withemes.com/norris/wp-content/themes/norris/images/sidrbg/nami_@2X.png]
[withemes.com/norris/wp-content/themes/norris/images/logo.png]
[withemes.com/norris/index617f.html]
[withemes.com/norris/page-with-sidebar/index.html]
[withemes.com/norris/page-with-sidebar/feed/index.html]
[withemes.com/norris/index03bd.html]
[withemes.com/norris/portfolio/portfolio-2-columns/index.html]
[withemes.com/norris/portfolio/portfolio-2-columns/feed/index.html]
[withemes.com/norris/our-team/index.html]
[withemes.com/norris/our-team/feed/index.html]
[withemes.com/norris/index7ef4.html]
[withemes.com/norris/contact/index.html]
[withemes.com/norris/contact/feed/index.html]
[withemes.com/norris/index7896.html]
[withemes.com/norris/index04cd.html]
[withemes.com/norris/index85b0.html]
[withemes.com/norris/wp-content/uploads/2013/10/brand2.png]
[withemes.com/norris/wp-content/plugins/wi-portfolio/images/loading.gif]
[withemes.com/norris/wp-content/plugins/wi-shortcodes/includes/images/next.png]
[withemes.com/norris/wp-content/themes/norris/images/white-rhombus-small@2x.png]
[withemes.com/norris/lorem-ipsum-dolor-sit-amet/index.html]
[withemes.com/norris/lorem-ipsum-dolor-sit-amet/feed/index.html]
[withemes.com/norris/post-formar-link/index.html]
[withemes.com/norris/post-formar-link/feed/index.html]
[withemes.com/norris/index5643.html]
[withemes.com/norris/2013/09/index.html]
[withemes.com/norris/2013/10/12/index.html]
[withemes.com/norris/indexcde3.html]
[withemes.com/norris/wp-content/themes/norris/images/sidrbg/nami_@2X.png]
[withemes.com/norris/index6eea.html]
[withemes.com/norris/wp-content/themes/norris/images/logo.png]
[withemes.com/norris/about-us/index.html]
[withemes.com/norris/about-us/feed/index.html]
[withemes.com/norris/index0012.html]
[withemes.com/norris/index648c.html]
[withemes.com/norris/wp-content/uploads/2013/10/brand2.png]
[withemes.com/norris/wp-content/plugins/wi-portfolio/js/jquery.waitforimages5152.js]
[withemes.com/norris/wp-content/plugins/wi-portfolio/images/loading.gif]
[withemes.com/norris/wp-content/themes/norris/images/next.png]
[withemes.com/norris/wp-content/plugins/wi-shortcodes/includes/images/next.png]
[withemes.com/norris/wp-content/themes/norris/css/icomoon/icomoond41d.eot]
[withemes.com/norris/author/admin/page/2/index.html]
[withemes.com/norris/this-is-a-standard-post/index21b4.html]
[withemes.com/norris/indexcbb6.html]
[withemes.com/norris/index6c46.html]
[withemes.com/norris/indexc885.html]
[withemes.com/norris/2013/08/index.html]
[withemes.com/norris/2013/09/01/index.html]
[withemes.com/norris/2013/09/07/index.html]
[withemes.com/norris/2013/09/10/index.html]
[withemes.com/norris/2013/09/12/index.html]
[withemes.com/norris/2013/09/18/index.html]
[withemes.com/norris/wp-content/themes/norris/images/sidrbg/nami_@2X.png]
[withemes.com/norris/index94b0.html]
[withemes.com/norris/wp-content/themes/norris/images/logo.png]
[withemes.com/norris/wp-content/plugins/wi-portfolio/js/jquery.waitforimages5152.js]
[withemes.com/norris/wp-content/plugins/wi-portfolio/images/loading.gif]
[withemes.com/norris/wp-content/plugins/wi-shortcodes/includes/images/next.png]
[withemes.com/norris/wp-content/themes/norris/images/white-rhombus-small@2x.png]
[withemes.com/norris/author/admin/page/1/index.html]
[withemes.com/norris/wp-content/themes/norris/css/icomoon/icomoond41d.eot]
[withemes.com/norris/2013/08/15/index.html]
[withemes.com/norris/wp-content/uploads/2013/10/brand2.png]
[withemes.com/norris/wp-content/plugins/wi-portfolio/js/jquery.waitforimages5152.js]
[withemes.com/norris/wp-content/plugins/wi-portfolio/images/loading.gif]
[withemes.com/norris/2013/05/index.html]
[withemes.com/norris/wp-content/plugins/wi-shortcodes/includes/images/next.png]
[withemes.com/norris/wp-content/themes/norris/css/icomoon/icomoond41d.eot]
[withemes.com/norris/wp-content/themes/norris/images/sidrbg/nami_@2X.png]
[withemes.com/norris/wp-content/themes/norris/images/logo.png]
[withemes.com/norris/wp-content/themes/norris/css/icomoon/icomoond41d.eot]
[withemes.com/norris/2013/05/19/index.html]
[withemes.com/norris/wp-content/themes/norris/images/sidrbg/nami_@2X.png]
[withemes.com/norris/wp-content/plugins/wi-portfolio/js/jquery.waitforimages5152.js]
[withemes.com/norris/wp-content/themes/norris/images/logo.png]
[withemes.com/norris/wp-content/plugins/wi-portfolio/images/loading.gif]
[withemes.com/norris/wp-content/plugins/wi-shortcodes/includes/images/next.png]
[withemes.com/norris/wp-content/themes/norris/css/icomoon/icomoond41d.eot]
[withemes.com/norris/wp-content/themes/norris/images/logo.png]
[withemes.com/norris/wp-content/plugins/wi-portfolio/images/loading.gif]
[withemes.com/norris/wp-content/themes/norris/images/logo.png]
[withemes.com/norris/wp-content/plugins/wi-shortcodes/includes/images/next.png]
