[backblue.gif]
[fade.gif]
[index.html]
[www.desperadosrestaurant.com/index.html]
[www.desperadosrestaurant.com/menu/breakfast.pdf]
[www.desperadosrestaurant.com/menu/lunch.pdf]
[www.desperadosrestaurant.com/menu/dinner.pdf]
[www.desperadosrestaurant.com/images/home-rotator/Home_Slide_Marg_LO.jpg]
[www.desperadosrestaurant.com/images/home-rotator/Home_Slide_Taco_LO.jpg]
[www.desperadosrestaurant.com/images/home-rotator/Home_Slide_Dess_LO.jpg]
[www.desperadosrestaurant.com/images/whatshappening.png]
[www.desperadosrestaurant.com/images/facebook.png]
[www.desperadosrestaurant.com/index-2.html]
[www.desperadosrestaurant.com/images/footer.png]
[www.desperadosrestaurant.com/images/bg.jpg]
[www.desperadosrestaurant.com/images/logo.png]
[www.desperadosrestaurant.com/images/menuheader.png]
[www.desperadosrestaurant.com/images/banquets-micasa.png]
[www.desperadosrestaurant.com/images/locations-comeseeussoon.png]
[www.desperadosrestaurant.com/images/mailinglist-title.png]
[www.desperadosrestaurant.com/images/6graystars.png]
[www.desperadosrestaurant.com/css/style.css]
[www.desperadosrestaurant.com/css/dropdown.css]
[www.desperadosrestaurant.com/css/jquery.jscrollpane.css]
[www.desperadosrestaurant.com/script/jquery.mousewheel.js]
[www.desperadosrestaurant.com/images/goldstars.png]
[www.desperadosrestaurant.com/script/jquery.jscrollpane.min.js]
[www.desperadosrestaurant.com/images/catering-header.png]
[www.desperadosrestaurant.com/images/catering-fiesta.png]
[www.desperadosrestaurant.com/images/verticalemb.png]
[www.desperadosrestaurant.com/images/catering-cantleave.png]
[www.desperadosrestaurant.com/catering.html]
[www.desperadosrestaurant.com/images/graystars.png]
[www.desperadosrestaurant.com/images/banquets-title.png]
[www.desperadosrestaurant.com/images/banquets-contact.png]
[www.desperadosrestaurant.com/banquets.html]
[www.desperadosrestaurant.com/images/embhoriz.png]
[www.desperadosrestaurant.com/images/locations-titlebar.png]
[www.desperadosrestaurant.com/images/smallgraystars.png]
[www.desperadosrestaurant.com/locations.html]
[www.desperadosrestaurant.com/images/cardinalcompass.png]
[www.desperadosrestaurant.com/history.html]
[www.desperadosrestaurant.com/images/history-titlebar.png]
[www.desperadosrestaurant.com/images/contact-titlebar.png]
[www.desperadosrestaurant.com/images/contactus.png]
[www.desperadosrestaurant.com/contact.html]
[www.desperadosrestaurant.com/mousedown.html]
[www.desperadosrestaurant.com/click.html]
[www.desperadosrestaurant.com/mouseover.html]
[www.desperadosrestaurant.com/dragstart.jsp selectstart.html]
[www.desperadosrestaurant.com/mousemove.html]
[www.desperadosrestaurant.com/mouseup.jsp mouseleave.html]
[www.desperadosrestaurant.com/mouseup.html]
[www.desperadosrestaurant.com/dragstart.jsp selectstart.jsp mousemove.jsp mouseup.jsp mouseleave.html]
[www.desperadosrestaurant.com/focus.html]
[www.desperadosrestaurant.com/keydown.jsp keypress.html]
[www.desperadosrestaurant.com/keydown.html]
[www.desperadosrestaurant.com/keypress.html]
[www.desperadosrestaurant.com/touchstart.html]
[www.desperadosrestaurant.com/touchmove.html]
[www.desperadosrestaurant.com/touchend.html]
[www.desperadosrestaurant.com/images/smallvertemb.png]
