[backblue.gif]
[fade.gif]
[index.html]
[demo.pokojan.my.id/bravo/assets/img/mobile_menu_open.png]
[demo.pokojan.my.id/bravo/assets/img/001.jpg]
[demo.pokojan.my.id/bravo/assets/img/team/01.jpg]
[demo.pokojan.my.id/bravo/assets/img/team/02.jpg]
[demo.pokojan.my.id/bravo/assets/img/team/03.jpg]
[demo.pokojan.my.id/bravo/assets/img/clients/01.png]
[demo.pokojan.my.id/bravo/assets/img/clients/02.png]
[demo.pokojan.my.id/bravo/assets/img/clients/03.png]
[demo.pokojan.my.id/bravo/assets/img/clients/04.png]
[demo.pokojan.my.id/bravo/assets/img/clients/05.png]
[demo.pokojan.my.id/bravo/assets/img/clients/06.png]
[demo.pokojan.my.id/bravo/assets/img/desktop.png]
[demo.pokojan.my.id/bravo/assets/img/phone.png]
[demo.pokojan.my.id/bravo/assets/js/jquery.min.js]
[demo.pokojan.my.id/bravo/assets/js/bootstrap.min.js]
[demo.pokojan.my.id/bravo/assets/js/parallax.min.js]
[demo.pokojan.my.id/bravo/assets/js/wow.min.js]
[demo.pokojan.my.id/bravo/assets/js/scripts.js]
[demo.pokojan.my.id/bravo/index.html]
[demo.pokojan.my.id/bravo/assets/css/style.css]
[demo.pokojan.my.id/bravo/index-2.html]
[demo.pokojan.my.id/bravo/index2.html]
[demo.pokojan.my.id/bravo/assets/img/ipad01.png]
[demo.pokojan.my.id/bravo/assets/img/002.jpg]
[demo.pokojan.my.id/bravo/index3.html]
[demo.pokojan.my.id/bravo/assets/img/004.jpg]
[demo.pokojan.my.id/bravo/assets/img/natasha-screen.jpg]
[demo.pokojan.my.id/bravo/projects.html]
[demo.pokojan.my.id/bravo/about.html]
[demo.pokojan.my.id/bravo/assets/img/005.jpg]
[demo.pokojan.my.id/bravo/contact.html]
[demo.pokojan.my.id/bravo/assets/img/003.jpg]
[demo.pokojan.my.id/bravo/blog.html]
[demo.pokojan.my.id/bravo/assets/img/avatar.png]
[demo.pokojan.my.id/bravo/assets/img/avatar2.png]
[demo.pokojan.my.id/bravo/assets/img/avatar3.png]
[demo.pokojan.my.id/bravo/blog-single.html]
[demo.pokojan.my.id/bravo/assets/fonts/glyphicons-halflings-regular.eot]
[demo.pokojan.my.id/bravo/assets/fonts/glyphicons-halflings-regulard41d.eot]
[demo.pokojan.my.id/bravo/assets/fonts/glyphicons-halflings-regular.woff]
[demo.pokojan.my.id/bravo/assets/fonts/glyphicons-halflings-regular.ttf]
[demo.pokojan.my.id/bravo/assets/css/bootstrap.min.css]
[demo.pokojan.my.id/bravo/assets/fonts/fontawesome-webfonte0a5.eot]
[demo.pokojan.my.id/bravo/assets/fonts/fontawesome-webfontd41d.eot]
[demo.pokojan.my.id/bravo/assets/fonts/fontawesome-webfonte0a5.woff]
[demo.pokojan.my.id/bravo/assets/fonts/fontawesome-webfonte0a5.ttf]
[demo.pokojan.my.id/bravo/assets/css/font-awesome.min.css]
[demo.pokojan.my.id/bravo/assets/fonts/ionicons28b5.eot]
[demo.pokojan.my.id/bravo/assets/fonts/ionicons28b5.ttf]
[demo.pokojan.my.id/bravo/assets/fonts/ionicons28b5.woff]
[demo.pokojan.my.id/bravo/assets/css/ionicons.min.css]
[demo.pokojan.my.id/bravo/assets/css/animate.css]
[demo.pokojan.my.id/bravo/assets/fonts/glyphicons-halflings-regular.html]
[demo.pokojan.my.id/bravo/assets/fonts/glyphicons-halflings-regular.svg]
[demo.pokojan.my.id/bravo/assets/fonts/fontawesome-webfonte0a5.html]
[demo.pokojan.my.id/bravo/assets/fonts/fontawesome-webfonte0a5.svg]
[demo.pokojan.my.id/bravo/assets/fonts/ionicons28b5.svg]
