[pivot.mediumra.re/index.html]
[backblue.gif]
[fade.gif]
[index.html]
[pivot.mediumra.re/css/flexslider.min.css]
[pivot.mediumra.re/css/line-icons.min.css]
[pivot.mediumra.re/css/elegant-icons.min.css]
[pivot.mediumra.re/css/lightbox.min.css]
[pivot.mediumra.re/css/bootstrap.min.css]
[pivot.mediumra.re/css/theme.css]
[pivot.mediumra.re/js/modernizr-2.6.2-respond-1.1.0.min.js]
[pivot.mediumra.re/login.html]
[pivot.mediumra.re/img/english.png]
[pivot.mediumra.re/img/denmark.png]
[pivot.mediumra.re/index-2.html]
[pivot.mediumra.re/img/logo-light.png]
[pivot.mediumra.re/img/logo-dark.png]
[pivot.mediumra.re/home-2.html]
[pivot.mediumra.re/home-3.html]
[pivot.mediumra.re/home-4.html]
[pivot.mediumra.re/home-5.html]
[pivot.mediumra.re/personal.html]
[pivot.mediumra.re/launching-soon-2.html]
[pivot.mediumra.re/launching-soon.html]
[pivot.mediumra.re/home-resume.html]
[pivot.mediumra.re/launching-soon-3.html]
[pivot.mediumra.re/coming-soon.html]
[pivot.mediumra.re/one-page.html]
[pivot.mediumra.re/about.html]
[pivot.mediumra.re/about-2.html]
[pivot.mediumra.re/services.html]
[pivot.mediumra.re/services-2.html]
[pivot.mediumra.re/404.html]
[pivot.mediumra.re/500.html]
[pivot.mediumra.re/blog-masonry.html]
[pivot.mediumra.re/blog-masonry-sidebar.html]
[pivot.mediumra.re/blog.html]
[pivot.mediumra.re/blog-large-image.html]
[pivot.mediumra.re/blog-single.html]
[pivot.mediumra.re/blog-single-2.html]
[pivot.mediumra.re/blog-single-sidebar.html]
[pivot.mediumra.re/blog-single-media.html]
[pivot.mediumra.re/projects.html]
[pivot.mediumra.re/projects-2.html]
[pivot.mediumra.re/project-single-2.html]
[pivot.mediumra.re/project-single.html]
[pivot.mediumra.re/contact-3.html]
[pivot.mediumra.re/contact-2.html]
[pivot.mediumra.re/contact.html]
[pivot.mediumra.re/contact-4.html]
[pivot.mediumra.re/video/video.webm]
[pivot.mediumra.re/video/video.mp4]
[pivot.mediumra.re/video/video.ogv]
[pivot.mediumra.re/img/client4.png]
[pivot.mediumra.re/img/client2.png]
[pivot.mediumra.re/img/client3.png]
[pivot.mediumra.re/img/client1.png]
[pivot.mediumra.re/img/client5.png]
[pivot.mediumra.re/img/client6.png]
[pivot.mediumra.re/img/client7.png]
[pivot.mediumra.re/img/client8.png]
[pivot.mediumra.re/js/jquery.min.js]
[pivot.mediumra.re/js/jquery.plugin.min.js]
[pivot.mediumra.re/js/bootstrap.min.js]
[pivot.mediumra.re/js/jquery.flexslider-min.js]
[pivot.mediumra.re/js/smooth-scroll.min.js]
[pivot.mediumra.re/js/skrollr.min.js]
[pivot.mediumra.re/js/spectragram.min.js]
[pivot.mediumra.re/js/scrollReveal.min.js]
[pivot.mediumra.re/js/isotope.min.js]
[pivot.mediumra.re/js/twitterFetcher_v10_min.js]
[pivot.mediumra.re/js/lightbox.min.js]
[pivot.mediumra.re/js/jquery.countdown.min.js]
[pivot.mediumra.re/js/scripts.js]
[pivot.mediumra.re/index.html]
[pivot.mediumra.re/css/flexslider.min.css]
[pivot.mediumra.re/fonts/et-line.eot]
[pivot.mediumra.re/fonts/et-lined41d.eot]
[pivot.mediumra.re/fonts/et-line.woff]
[pivot.mediumra.re/fonts/et-line.ttf]
[pivot.mediumra.re/fonts/et-line.svg]
[pivot.mediumra.re/css/line-icons.min.css]
[pivot.mediumra.re/fonts/ElegantIcons.eot]
[pivot.mediumra.re/fonts/ElegantIconsd41d.eot]
[pivot.mediumra.re/fonts/ElegantIcons.woff]
[pivot.mediumra.re/fonts/ElegantIcons.ttf]
[pivot.mediumra.re/fonts/ElegantIcons.svg]
[pivot.mediumra.re/css/elegant-icons.min.css]
[pivot.mediumra.re/img/lightbox/close.png]
[pivot.mediumra.re/img/lightbox/loading.gif]
[pivot.mediumra.re/img/lightbox/prev.png]
[pivot.mediumra.re/css/lightbox.min.css]
[pivot.mediumra.re/img/lightbox/next.png]
[pivot.mediumra.re/css/bootstrap.min.css]
[pivot.mediumra.re/css/theme.css]
[pivot.mediumra.re/img/hero6.jpg]
[pivot.mediumra.re/login.html]
[pivot.mediumra.re/index-2.html]
[pivot.mediumra.re/css/theme-aquatica.css]
[pivot.mediumra.re/img/hero17.jpg]
[pivot.mediumra.re/img/hero7.jpg]
[pivot.mediumra.re/img/hero9.jpg]
[pivot.mediumra.re/img/side2.jpg]
[pivot.mediumra.re/img/hero10.jpg]
[pivot.mediumra.re/img/header2.jpg]
[pivot.mediumra.re/img/hero8.jpg]
[pivot.mediumra.re/home-2.html]
[pivot.mediumra.re/css/theme-blues.css]
[pivot.mediumra.re/home-3.html]
[pivot.mediumra.re/img/hero13.jpg]
[pivot.mediumra.re/css/theme-aspirin.css]
[pivot.mediumra.re/img/hero19.jpg]
[pivot.mediumra.re/img/project1.jpg]
[pivot.mediumra.re/img/project4.jpg]
[pivot.mediumra.re/img/project6.jpg]
[pivot.mediumra.re/img/team-small-1.png]
[pivot.mediumra.re/img/team-small-2.png]
[pivot.mediumra.re/img/team-small-4.png]
[pivot.mediumra.re/img/hero3.jpg]
[pivot.mediumra.re/home-4.html]
[pivot.mediumra.re/img/hero20.jpg]
[pivot.mediumra.re/img/hero1.jpg]
[pivot.mediumra.re/img/box2.jpg]
[pivot.mediumra.re/home-5.html]
[pivot.mediumra.re/img/hero15.jpg]
[pivot.mediumra.re/img/bottom1.jpg]
[pivot.mediumra.re/img/project2.jpg]
[pivot.mediumra.re/img/project3.jpg]
[pivot.mediumra.re/img/project5.jpg]
[pivot.mediumra.re/personal.html]
[pivot.mediumra.re/css/theme-tronic.css]
[pivot.mediumra.re/img/hero16.jpg]
[pivot.mediumra.re/img/grey-bg.jpg]
[pivot.mediumra.re/img/ipad.png]
[pivot.mediumra.re/launching-soon-2.html]
[pivot.mediumra.re/css/theme-rocklobster.css]
[pivot.mediumra.re/img/hero5.jpg]
[pivot.mediumra.re/img/app-store.png]
[pivot.mediumra.re/img/google-play.png]
[pivot.mediumra.re/img/app2.png]
[pivot.mediumra.re/img/side1.jpg]
[pivot.mediumra.re/launching-soon.html]
[pivot.mediumra.re/img/hero21.jpg]
[pivot.mediumra.re/home-resume.html]
[pivot.mediumra.re/img/hero22.jpg]
[pivot.mediumra.re/css/theme-buddha.css]
[pivot.mediumra.re/img/hero4.jpg]
[pivot.mediumra.re/launching-soon-3.html]
[pivot.mediumra.re/coming-soon.html]
[pivot.mediumra.re/img/hero12.jpg]
[pivot.mediumra.re/one-page.html]
[pivot.mediumra.re/img/team-small-5.png]
[pivot.mediumra.re/img/side3.jpg]
[pivot.mediumra.re/img/team-large-1.jpg]
[pivot.mediumra.re/img/team-large-2.jpg]
[pivot.mediumra.re/img/team-large-3.jpg]
[pivot.mediumra.re/img/team-large-4.jpg]
[pivot.mediumra.re/img/slider1.jpg]
[pivot.mediumra.re/img/slider2.jpg]
[pivot.mediumra.re/img/slider3.jpg]
[pivot.mediumra.re/about.html]
[pivot.mediumra.re/img/team-small-3.png]
[pivot.mediumra.re/about-2.html]
[pivot.mediumra.re/img/devices.png]
[pivot.mediumra.re/services.html]
[pivot.mediumra.re/services-2.html]
[pivot.mediumra.re/chooser.html]
[pivot.mediumra.re/404.html]
[pivot.mediumra.re/500.html]
[pivot.mediumra.re/css/theme-cobalt.css]
[pivot.mediumra.re/img/hero23.jpg]
[pivot.mediumra.re/img/blog-masonry-1.jpg]
[pivot.mediumra.re/img/blog-masonry-2.jpg]
[pivot.mediumra.re/img/blog-masonry-3.jpg]
[pivot.mediumra.re/blog-masonry.html]
[pivot.mediumra.re/img/blog-masonry-4.jpg]
[pivot.mediumra.re/blog-masonry-sidebar.html]
[pivot.mediumra.re/blog.html]
[pivot.mediumra.re/blog-large-image.html]
[pivot.mediumra.re/blog-single.html]
[pivot.mediumra.re/img/hero14.jpg]
[pivot.mediumra.re/blog-single-2.html]
[pivot.mediumra.re/blog-single-sidebar.html]
[pivot.mediumra.re/blog-single-media.html]
[pivot.mediumra.re/projects.html]
[pivot.mediumra.re/projects-2.html]
[pivot.mediumra.re/project-single-2.html]
[pivot.mediumra.re/project-single.html]
[pivot.mediumra.re/contact-3.html]
[pivot.mediumra.re/contact-2.html]
[pivot.mediumra.re/contact.html]
[pivot.mediumra.re/contact-4.html]
[pivot.mediumra.re/fonts/et-line.svg]
[pivot.mediumra.re/fonts/ElegantIcons.svg]
[pivot.mediumra.re/fonts/glyphicons-halflings-regular.html]
[pivot.mediumra.re/fonts/glyphicons-halflings-regulard41d.html]
[pivot.mediumra.re/fonts/glyphicons-halflings-regular-2.html]
[pivot.mediumra.re/fonts/glyphicons-halflings-regular-3.html]
[pivot.mediumra.re/fonts/glyphicons-halflings-regular-4.html]
[pivot.mediumra.re/css/theme-aquatica.css]
[pivot.mediumra.re/css/theme-blues.css]
[pivot.mediumra.re/css/theme-aspirin.css]
[pivot.mediumra.re/css/theme-tronic.css]
[pivot.mediumra.re/_/cdn-images.mailchimp.com/embedcode/classic-081711.html]
[pivot.mediumra.re/css/theme-rocklobster.css]
[pivot.mediumra.re/css/theme-buddha.css]
[pivot.mediumra.re/_/cdn-images.mailchimp.com/embedcode/slim-081711.html]
[pivot.mediumra.re/img/hero18.jpg]
[pivot.mediumra.re/img/blur.jpg]
[pivot.mediumra.re/variant/builder.html]
[pivot.mediumra.re/img/pivot-screen.png]
[pivot.mediumra.re/img/chooser-images/home1.jpg]
[pivot.mediumra.re/img/chooser-images/home2.jpg]
[pivot.mediumra.re/img/chooser-images/home4.jpg]
[pivot.mediumra.re/img/chooser-images/home3.jpg]
[pivot.mediumra.re/img/chooser-images/home5.jpg]
[pivot.mediumra.re/img/chooser-images/home-resume.jpg]
[pivot.mediumra.re/img/chooser-images/launching-soon-2.jpg]
[pivot.mediumra.re/img/chooser-images/launching-soon.jpg]
[pivot.mediumra.re/img/chooser-images/launching-soon-3.jpg]
[pivot.mediumra.re/img/chooser-images/coming-soon.jpg]
[pivot.mediumra.re/img/chooser-images/one-page.jpg]
[pivot.mediumra.re/img/chooser-images/personal.jpg]
[pivot.mediumra.re/img/chooser-images/mrare.png]
[pivot.mediumra.re/variant/img/vlogo.png]
[pivot.mediumra.re/variant/img/variant.png]
[pivot.mediumra.re/variant/img/mrare.png]
[pivot.mediumra.re/variant/img/sections/variant-hero-slider-1.jpg]
[pivot.mediumra.re/chooser.html]
[pivot.mediumra.re/css/theme-cobalt.css]
[pivot.mediumra.re/variant/css/variant-icons.css]
[pivot.mediumra.re/variant/css/variant-social-icons.css]
[pivot.mediumra.re/variant/css/normalize.css]
[pivot.mediumra.re/variant/css/flexslider.min.css]
[pivot.mediumra.re/variant/css/style.css]
[pivot.mediumra.re/variant/theme/css/line-icons.min.css]
[pivot.mediumra.re/variant/theme/css/elegant-icons.min.css]
[pivot.mediumra.re/variant/theme/css/lightbox.min.css]
[pivot.mediumra.re/variant/theme/css/bootstrap.min.css]
[pivot.mediumra.re/variant/theme/css/theme.css]
[pivot.mediumra.re/variant/img/full-logo.png]
[pivot.mediumra.re/variant/theme/js/modernizr-2.6.2-respond-1.1.0.min.js]
[pivot.mediumra.re/variant/theme/js/jquery.plugin.min.js]
[pivot.mediumra.re/variant/js/jquery.js]
[pivot.mediumra.re/variant/theme/js/smooth-scroll.min.js]
[pivot.mediumra.re/variant/theme/js/skrollr.min.js]
[pivot.mediumra.re/variant/theme/js/spectragram.min.js]
[pivot.mediumra.re/variant/theme/js/scrollReveal.min.js]
[pivot.mediumra.re/variant/theme/js/isotope.min.js]
[pivot.mediumra.re/variant/theme/js/twitterFetcher_v10_min.js]
[pivot.mediumra.re/variant/theme/js/lightbox.min.js]
[pivot.mediumra.re/variant/theme/js/jquery.countdown.min.js]
[pivot.mediumra.re/variant/js/alterClass.js]
[pivot.mediumra.re/variant/js/storage2.js]
[pivot.mediumra.re/variant/js/jquery-ui-1.10.4.custom.min.js]
[pivot.mediumra.re/variant/js/reInit.js]
[pivot.mediumra.re/variant/js/simpleModal.js]
[pivot.mediumra.re/variant/js/jquery.flexslider-min.js]
[pivot.mediumra.re/variant/js/saveAs.js]
[pivot.mediumra.re/variant/builder.html]
[pivot.mediumra.re/variant/js/init.js]
[pivot.mediumra.re/variant/fonts/variant-icons.woff]
[pivot.mediumra.re/variant/js/jsZip.js]
[pivot.mediumra.re/variant/fonts/variant-icons.ttf]
[pivot.mediumra.re/variant/fonts/variant-icons.otf]
[pivot.mediumra.re/variant/css/variant-icons.css]
[pivot.mediumra.re/variant/fonts/variant-icons.svg]
[pivot.mediumra.re/variant/fonts/variant-social.eot]
[pivot.mediumra.re/variant/fonts/variant-sociald41d.eot]
[pivot.mediumra.re/variant/fonts/variant-social.woff]
[pivot.mediumra.re/variant/fonts/variant-social.ttf]
[pivot.mediumra.re/variant/css/variant-social-icons.css]
[pivot.mediumra.re/variant/css/normalize.css]
[pivot.mediumra.re/variant/css/flexslider.min.css]
[pivot.mediumra.re/variant/fonts/variant-social.svg]
[pivot.mediumra.re/variant/img/checkerboard.png]
[pivot.mediumra.re/variant/css/style.css]
[pivot.mediumra.re/variant/theme/fonts/et-line.eot]
[pivot.mediumra.re/variant/theme/fonts/et-lined41d.eot]
[pivot.mediumra.re/variant/theme/fonts/et-line.woff]
[pivot.mediumra.re/variant/theme/fonts/et-line.ttf]
[pivot.mediumra.re/variant/theme/css/line-icons.min.css]
[pivot.mediumra.re/variant/theme/fonts/et-line.svg]
[pivot.mediumra.re/variant/theme/fonts/ElegantIcons.woff]
[pivot.mediumra.re/variant/theme/fonts/ElegantIcons.eot]
[pivot.mediumra.re/variant/theme/fonts/ElegantIconsd41d.eot]
[pivot.mediumra.re/variant/theme/fonts/ElegantIcons.ttf]
[pivot.mediumra.re/variant/theme/css/elegant-icons.min.css]
[pivot.mediumra.re/variant/theme/img/lightbox/close.png]
[pivot.mediumra.re/variant/theme/img/lightbox/loading.gif]
[pivot.mediumra.re/variant/theme/img/lightbox/prev.png]
[pivot.mediumra.re/variant/theme/fonts/ElegantIcons.svg]
[pivot.mediumra.re/variant/theme/css/lightbox.min.css]
[pivot.mediumra.re/variant/theme/img/lightbox/next.png]
[pivot.mediumra.re/variant/theme/css/bootstrap.min.css]
[pivot.mediumra.re/variant/theme/css/theme.css]
[pivot.mediumra.re/variant/blog-single.html]
[pivot.mediumra.re/variant/project-single.html]
[pivot.mediumra.re/variant/login.html]
[pivot.mediumra.re/variant/index.html]
[pivot.mediumra.re/variant/contact.html]
[pivot.mediumra.re/variant/js/init.js]
[pivot.mediumra.re/variant/fonts/variant-icons.html]
[pivot.mediumra.re/variant/fonts/variant-iconsd41d.html]
[pivot.mediumra.re/variant/fonts/variant-icons.svg]
[pivot.mediumra.re/variant/fonts/variant-social.svg]
[pivot.mediumra.re/variant/theme/fonts/et-line.svg]
[pivot.mediumra.re/variant/theme/fonts/ElegantIcons.svg]
[pivot.mediumra.re/variant/theme/fonts/glyphicons-halflings-regular.html]
[pivot.mediumra.re/variant/theme/fonts/glyphicons-halflings-regulard41d.html]
[pivot.mediumra.re/variant/theme/fonts/glyphicons-halflings-regular-2.html]
[pivot.mediumra.re/variant/theme/fonts/glyphicons-halflings-regular-3.html]
[pivot.mediumra.re/variant/theme/fonts/glyphicons-halflings-regular-4.html]
[pivot.mediumra.re/img/index.html]
[pivot.mediumra.re/variant/img/index.html]
[pivot.mediumra.re/video/index.html]
[pivot.mediumra.re/variant/video/index.html]
[pivot.mediumra.re/variant/GET.html]
