[matchthemes.com/demohtml/cafehouse/index.html]
[backblue.gif]
[fade.gif]
[index.html]
[matchthemes.com/demohtml/cafehouse/css/bootstrap.css]
[matchthemes.com/demohtml/cafehouse/css/bootstrap-responsive.css]
[matchthemes.com/demohtml/cafehouse/style.css]
[matchthemes.com/demohtml/cafehouse/css/colors.css]
[matchthemes.com/demohtml/cafehouse/css/fancybox/jquery.fancybox.css]
[matchthemes.com/demohtml/cafehouse/js/bootstrap.min.js]
[matchthemes.com/demohtml/cafehouse/js/menu.js]
[matchthemes.com/demohtml/cafehouse/js/jquery.flexslider-min.js]
[matchthemes.com/demohtml/cafehouse/js/slides.min.jquery.js]
[matchthemes.com/demohtml/cafehouse/twitter/jquery.tweet.min.js]
[matchthemes.com/demohtml/cafehouse/js/init.js]
[matchthemes.com/demohtml/cafehouse/js/jquery.fancybox.pack.js]
[matchthemes.com/demohtml/cafehouse/js/shortcodes.js]
[matchthemes.com/demohtml/cafehouse/js/scrolltop.js]
[matchthemes.com/demohtml/cafehouse/images/favicon.ico]
[matchthemes.com/demohtml/cafehouse/images/logo-cafe.png]
[matchthemes.com/demohtml/cafehouse/about.html]
[matchthemes.com/demohtml/cafehouse/typography.html]
[matchthemes.com/demohtml/cafehouse/shortcodes.html]
[matchthemes.com/demohtml/cafehouse/menu.html]
[matchthemes.com/demohtml/cafehouse/reservation.html]
[matchthemes.com/demohtml/cafehouse/gallery-3col.html]
[matchthemes.com/demohtml/cafehouse/gallery-4col.html]
[matchthemes.com/demohtml/cafehouse/blog.html]
[matchthemes.com/demohtml/cafehouse/contact.html]
[matchthemes.com/demohtml/cafehouse/images/_home/big-image-1.jpg]
[matchthemes.com/demohtml/cafehouse/images/_home/big-image-2.jpg]
[matchthemes.com/demohtml/cafehouse/images/_home/big-image-3.jpg]
[matchthemes.com/demohtml/cafehouse/images/_home/big-image-4.jpg]
[matchthemes.com/demohtml/cafehouse/images/_home/restaurant-1.jpg]
[matchthemes.com/demohtml/cafehouse/images/_home/restaurant-2.jpg]
[matchthemes.com/demohtml/cafehouse/images/_home/restaurant-3.jpg]
[matchthemes.com/demohtml/cafehouse/images/_home/p1.jpg]
[matchthemes.com/demohtml/cafehouse/images/_home/p2.jpg]
[matchthemes.com/demohtml/cafehouse/images/_home/p3.jpg]
[matchthemes.com/demohtml/cafehouse/index.html]
[matchthemes.com/demohtml/cafehouse/single-post.html]
[matchthemes.com/demohtml/cafehouse/images/glyphicons-halflings.png]
[matchthemes.com/demohtml/cafehouse/css/bootstrap.css]
[matchthemes.com/demohtml/cafehouse/css/bootstrap-responsive.css]
[matchthemes.com/demohtml/cafehouse/images/glyphicons-halflings-white.png]
[matchthemes.com/demohtml/cafehouse/css/shortcodes.css]
[matchthemes.com/demohtml/cafehouse/images/circle.png]
[matchthemes.com/demohtml/cafehouse/images/arrows.png]
[matchthemes.com/demohtml/cafehouse/images/link-img.png]
[matchthemes.com/demohtml/cafehouse/images/arrows2.png]
[matchthemes.com/demohtml/cafehouse/images/twitter-icon.png]
[matchthemes.com/demohtml/cafehouse/images/icon-twitter.png]
[matchthemes.com/demohtml/cafehouse/images/icon-facebook.png]
[matchthemes.com/demohtml/cafehouse/images/icon-rss.png]
[matchthemes.com/demohtml/cafehouse/images/icon-stumble.png]
[matchthemes.com/demohtml/cafehouse/images/icon-linkedin.png]
[matchthemes.com/demohtml/cafehouse/images/icon-vimeo.png]
[matchthemes.com/demohtml/cafehouse/images/icon-flickr.png]
[matchthemes.com/demohtml/cafehouse/images/icon-picasa.png]
[matchthemes.com/demohtml/cafehouse/images/mglass2.png]
[matchthemes.com/demohtml/cafehouse/images/mglass.png]
[matchthemes.com/demohtml/cafehouse/style.css]
[matchthemes.com/demohtml/cafehouse/images/divider.png]
[matchthemes.com/demohtml/cafehouse/images/bkg4.png]
[matchthemes.com/demohtml/cafehouse/images/menu-separator.gif]
[matchthemes.com/demohtml/cafehouse/images/icon-next.png]
[matchthemes.com/demohtml/cafehouse/css/colors.css]
[matchthemes.com/demohtml/cafehouse/images/icon-prev.png]
[matchthemes.com/demohtml/cafehouse/css/fancybox/fancybox_sprite.png]
[matchthemes.com/demohtml/cafehouse/css/fancybox/fancybox_loading.gif]
[matchthemes.com/demohtml/cafehouse/css/fancybox/blank.gif]
[matchthemes.com/demohtml/cafehouse/css/fancybox/jquery.fancybox.css]
[matchthemes.com/demohtml/cafehouse/css/fancybox/fancybox_overlay.png]
[matchthemes.com/demohtml/cafehouse/index-2.html]
[matchthemes.com/demohtml/cafehouse/images/default-top.jpg]
[matchthemes.com/demohtml/cafehouse/images/_blog/blog-1-60x60.jpg]
[matchthemes.com/demohtml/cafehouse/images/_blog/blog-4-60x60.jpg]
[matchthemes.com/demohtml/cafehouse/about.html]
[matchthemes.com/demohtml/cafehouse/images/_blog/blog-2-60x60.jpg]
[matchthemes.com/demohtml/cafehouse/images/_top-images/top-img2.jpg]
[matchthemes.com/demohtml/cafehouse/images/s1.jpg]
[matchthemes.com/demohtml/cafehouse/images/s2.jpg]
[matchthemes.com/demohtml/cafehouse/typography.html]
[matchthemes.com/demohtml/cafehouse/shortcodes.html]
[matchthemes.com/demohtml/cafehouse/images/s3.jpg]
[matchthemes.com/demohtml/cafehouse/menu-section.html]
[matchthemes.com/demohtml/cafehouse/images/_menu/baked-potato-skins-60x60.jpg]
[matchthemes.com/demohtml/cafehouse/images/_menu/baked-potato-skins.jpg]
[matchthemes.com/demohtml/cafehouse/menu-single.html]
[matchthemes.com/demohtml/cafehouse/images/_menu/avocado-tomato-60x60.jpg]
[matchthemes.com/demohtml/cafehouse/images/_menu/avocado-tomato.jpg]
[matchthemes.com/demohtml/cafehouse/images/_menu/marinated-grilled-shrimp-60x60.jpg]
[matchthemes.com/demohtml/cafehouse/images/_menu/marinated-grilled-shrimp.jpg]
[matchthemes.com/demohtml/cafehouse/images/_menu/double-tomato-bruschetta-60x60.jpg]
[matchthemes.com/demohtml/cafehouse/images/_menu/double-tomato-bruschetta.jpg]
[matchthemes.com/demohtml/cafehouse/images/_menu/summer-berry-60x60.jpg]
[matchthemes.com/demohtml/cafehouse/images/_menu/summer-berry.jpg]
[matchthemes.com/demohtml/cafehouse/images/_menu/pumpkin-cookies-60x60.jpg]
[matchthemes.com/demohtml/cafehouse/images/_menu/pumpkin-cookies.jpg]
[matchthemes.com/demohtml/cafehouse/images/_menu/chocolate-cupcakes-60x60.jpg]
[matchthemes.com/demohtml/cafehouse/images/_menu/chocolate-cupcakes.jpg]
[matchthemes.com/demohtml/cafehouse/images/_menu/pork-chops-60x60.jpg]
[matchthemes.com/demohtml/cafehouse/images/_menu/pork-chops.jpg]
[matchthemes.com/demohtml/cafehouse/images/_menu/coconut-curry-fried-chicken-60x60.jpg]
[matchthemes.com/demohtml/cafehouse/images/_menu/coconut-curry-fried-chicken.jpg]
[matchthemes.com/demohtml/cafehouse/images/_menu/prime-rib-primer-60x60.jpg]
[matchthemes.com/demohtml/cafehouse/images/_menu/prime-rib-primer.jpg]
[matchthemes.com/demohtml/cafehouse/images/_menu/sriracha-beef-skewers-60x60.jpg]
[matchthemes.com/demohtml/cafehouse/images/_menu/sriracha-beef-skewers.jpg]
[matchthemes.com/demohtml/cafehouse/images/_menu/roast-chicken-60x60.jpg]
[matchthemes.com/demohtml/cafehouse/images/_menu/roast-chicken.jpg]
[matchthemes.com/demohtml/cafehouse/images/_menu/terrific-turkey-chili-60x60.jpg]
[matchthemes.com/demohtml/cafehouse/images/_menu/terrific-turkey-chili.jpg]
[matchthemes.com/demohtml/cafehouse/images/_menu/italian-sausage-tortellini-soup-60x60.jpg]
[matchthemes.com/demohtml/cafehouse/images/_menu/italian-sausage-tortellini-soup.jpg]
[matchthemes.com/demohtml/cafehouse/images/_menu/cream-asparagus-soup-60x60.jpg]
[matchthemes.com/demohtml/cafehouse/images/_menu/cream-asparagus-soup.jpg]
[matchthemes.com/demohtml/cafehouse/images/_menu/italian-sausage-soup-60x60.jpg]
[matchthemes.com/demohtml/cafehouse/images/_menu/italian-sausage-soup.jpg]
[matchthemes.com/demohtml/cafehouse/images/_menu/creamy-chicken-wild-rice-soup-60x60.jpg]
[matchthemes.com/demohtml/cafehouse/images/_menu/creamy-chicken-wild-rice-soup.jpg]
[matchthemes.com/demohtml/cafehouse/images/_menu/delicious-ham-potato-soup-60x60.jpg]
[matchthemes.com/demohtml/cafehouse/menu.html]
[matchthemes.com/demohtml/cafehouse/images/_menu/delicious-ham-potato-soup.jpg]
[matchthemes.com/demohtml/cafehouse/js/jquery.form.js]
[matchthemes.com/demohtml/cafehouse/js/reservation-form.js]
[matchthemes.com/demohtml/cafehouse/reservation.html]
[matchthemes.com/demohtml/cafehouse/images/_top-images/reservation.jpg]
[matchthemes.com/demohtml/cafehouse/images/_gallery/g1-700x350.jpg]
[matchthemes.com/demohtml/cafehouse/images/_gallery/g1.jpg]
[matchthemes.com/demohtml/cafehouse/images/_gallery/g2-700x350.jpg]
[matchthemes.com/demohtml/cafehouse/images/_gallery/g2.jpg]
[matchthemes.com/demohtml/cafehouse/images/_gallery/g3-700x350.jpg]
[matchthemes.com/demohtml/cafehouse/images/_gallery/g3.jpg]
[matchthemes.com/demohtml/cafehouse/images/_gallery/g4-700x350.jpg]
[matchthemes.com/demohtml/cafehouse/images/_gallery/g4.jpg]
[matchthemes.com/demohtml/cafehouse/images/_gallery/g5-700x350.jpg]
[matchthemes.com/demohtml/cafehouse/images/_gallery/g5.jpg]
[matchthemes.com/demohtml/cafehouse/images/_gallery/g6-700x350.jpg]
[matchthemes.com/demohtml/cafehouse/gallery-3col.html]
[matchthemes.com/demohtml/cafehouse/images/_gallery/g6.jpg]
[matchthemes.com/demohtml/cafehouse/images/_gallery/g7-700x350.jpg]
[matchthemes.com/demohtml/cafehouse/images/_gallery/g7.jpg]
[matchthemes.com/demohtml/cafehouse/images/_gallery/g8-700x350.jpg]
[matchthemes.com/demohtml/cafehouse/images/_gallery/g8.jpg]
[matchthemes.com/demohtml/cafehouse/gallery-4col.html]
[matchthemes.com/demohtml/cafehouse/images/_top-images/blog.jpg]
[matchthemes.com/demohtml/cafehouse/images/_blog/blog-1.jpg]
[matchthemes.com/demohtml/cafehouse/images/_blog/blog-4.jpg]
[matchthemes.com/demohtml/cafehouse/images/_blog/blog-2.jpg]
[matchthemes.com/demohtml/cafehouse/blog.html]
[matchthemes.com/demohtml/cafehouse/images/_blog/blog-3.jpg]
[matchthemes.com/demohtml/cafehouse/js/contactform.js]
[matchthemes.com/demohtml/cafehouse/contact.html]
[matchthemes.com/demohtml/cafehouse/images/_top-images/top-img1.jpg]
[matchthemes.com/demohtml/cafehouse/single-post.html]
[matchthemes.com/demohtml/cafehouse/images/gravatar.png]
[matchthemes.com/demohtml/cafehouse/images/quote.png]
[matchthemes.com/demohtml/cafehouse/images/shortcodes/check.png]
[matchthemes.com/demohtml/cafehouse/images/shortcodes/cross.png]
[matchthemes.com/demohtml/cafehouse/images/shortcodes/plus.png]
[matchthemes.com/demohtml/cafehouse/images/shortcodes/minus.png]
[matchthemes.com/demohtml/cafehouse/images/shortcodes/bullet.png]
[matchthemes.com/demohtml/cafehouse/images/shortcodes/star.png]
[matchthemes.com/demohtml/cafehouse/images/shortcodes/notice.png]
[matchthemes.com/demohtml/cafehouse/images/shortcodes/info.png]
[matchthemes.com/demohtml/cafehouse/images/shortcodes/error.png]
[matchthemes.com/demohtml/cafehouse/images/shortcodes/success.png]
[matchthemes.com/demohtml/cafehouse/images/shortcodes/toggle-plus.png]
[matchthemes.com/demohtml/cafehouse/css/shortcodes.css]
[matchthemes.com/demohtml/cafehouse/index-2.html]
[matchthemes.com/demohtml/cafehouse/menu-section.html]
[matchthemes.com/demohtml/cafehouse/menu-single.html]
[matchthemes.com/demohtml/cafehouse/images/shortcodes/toggle-minus.png]
