[backblue.gif]
[fade.gif]
[index.html]
[demo.mosaicpro.biz/flatplus/php/admin/index.html]
[demo.mosaicpro.biz/flatplus/php/admin/index9ed2.html]
[demo.mosaicpro.biz/flatplus/php/admin/ui9ed2.html]
[demo.mosaicpro.biz/flatplus/php/admin/form_wizards9ed2.html]
[demo.mosaicpro.biz/flatplus/php/admin/form_elements9ed2.html]
[demo.mosaicpro.biz/flatplus/php/admin/form_validator9ed2.html]
[demo.mosaicpro.biz/flatplus/php/admin/file_managers9ed2.html]
[demo.mosaicpro.biz/flatplus/php/admin/tables9ed2.html]
[demo.mosaicpro.biz/flatplus/php/admin/typography9ed2.html]
[demo.mosaicpro.biz/flatplus/php/admin/grid9ed2.html]
[demo.mosaicpro.biz/flatplus/php/admin/notifications9ed2.html]
[demo.mosaicpro.biz/flatplus/php/admin/modals9ed2.html]
[demo.mosaicpro.biz/flatplus/php/admin/widgets9ed2.html]
[demo.mosaicpro.biz/flatplus/php/admin/sliders9ed2.html]
[demo.mosaicpro.biz/flatplus/php/admin/gallery9ed2.html]
[demo.mosaicpro.biz/flatplus/php/admin/timelines9ed2.html]
[demo.mosaicpro.biz/flatplus/php/admin/tabs9ed2.html]
[demo.mosaicpro.biz/flatplus/php/admin/charts9ed2.html]
[demo.mosaicpro.biz/flatplus/php/admin/calendar9ed2.html]
[demo.mosaicpro.biz/flatplus/php/admin/maps_google9ed2.html]
[demo.mosaicpro.biz/flatplus/php/admin/ratings9ed2.html]
[demo.mosaicpro.biz/flatplus/php/admin/email9ed2.html]
[demo.mosaicpro.biz/flatplus/php/admin/finances9ed2.html]
[demo.mosaicpro.biz/flatplus/php/admin/social9ed2.html]
[demo.mosaicpro.biz/flatplus/php/admin/login9ed2.html]
[demo.mosaicpro.biz/flatplus/php/admin/signup9ed2.html]
[demo.mosaicpro.biz/flatplus/php/admin/error9ed2.html]
[demo.mosaicpro.biz/flatplus/php/admin/icons9ed2.html]
[demo.mosaicpro.biz/flatplus/php/admin/tables_responsive9ed2.html]
[demo.mosaicpro.biz/flatplus/php/admin/gallery_video9ed2.html]
[demo.mosaicpro.biz/flatplus/php/admin/carousels9ed2.html]
[demo.mosaicpro.biz/flatplus/php/admin/maps_vector9ed2.html]
[demo.mosaicpro.biz/flatplus/php/admin/maps_google/clustering3fd0.html]
[demo.mosaicpro.biz/flatplus/php/admin/maps_google/extend-paginationd1c8.html]
[demo.mosaicpro.biz/flatplus/php/admin/maps_google/filtering6fac.html]
[demo.mosaicpro.biz/flatplus/php/admin/maps_google/geocodingf90f.html]
[demo.mosaicpro.biz/flatplus/php/admin/maps_google/jsoncfc7.html]
